// Jest Snapshot v1, https://goo.gl/fbAQLP

exports[`Accordion in collapsible & single expanded group mode renders correctly 1`] = `
<View
  style={
    {
      "backgroundColor": "#FFF",
      "borderColor": "#CED0D3",
      "flexGrow": 1,
    }
  }
  testID="accordion-test"
>
  <View
    style={
      {
        "borderColor": "#CED0D3",
        "borderWidth": 1,
      }
    }
  >
    <View
      accessibilityState={
        {
          "busy": undefined,
          "checked": undefined,
          "disabled": undefined,
          "expanded": undefined,
          "selected": undefined,
        }
      }
      accessibilityValue={
        {
          "max": undefined,
          "min": undefined,
          "now": undefined,
          "text": undefined,
        }
      }
      accessible={true}
      collapsable={false}
      focusable={true}
      onBlur={[Function]}
      onClick={[Function]}
      onFocus={[Function]}
      onResponderGrant={[Function]}
      onResponderMove={[Function]}
      onResponderRelease={[Function]}
      onResponderTerminate={[Function]}
      onResponderTerminationRequest={[Function]}
      onStartShouldSetResponder={[Function]}
      style={
        [
          {
            "alignItems": "center",
            "borderColor": "#CED0D3",
            "flexDirection": "row",
            "justifyContent": "space-between",
            "paddingHorizontal": 16,
            "paddingVertical": 16,
          },
          false,
        ]
      }
    >
      <Text
        style={
          [
            {
              "color": "#0A1326",
              "fontSize": 40,
              "fontWeight": "600",
              "lineHeight": 60,
            },
            {
              "flex": 1,
            },
          ]
        }
      >
        Header1
      </Text>
      <View
        collapsable={false}
        style={
          {
            "height": 16,
            "marginRight": -2,
            "transform": [
              {
                "rotate": "0deg",
              },
            ],
            "width": 16,
          }
        }
      >
        <View
          testId="icon"
        />
      </View>
    </View>
    <View
      collapsable={false}
      onLayout={[Function]}
      style={
        {
          "height": undefined,
          "overflow": undefined,
        }
      }
    >
      <View
        style={
          {
            "paddingBottom": 24,
            "paddingHorizontal": 16,
            "paddingTop": 8,
          }
        }
      >
        <Text>
          Content
        </Text>
      </View>
    </View>
  </View>
  <View
    style={
      {
        "borderColor": "#CED0D3",
        "borderWidth": 1,
      }
    }
  >
    <View
      accessibilityState={
        {
          "busy": undefined,
          "checked": undefined,
          "disabled": undefined,
          "expanded": undefined,
          "selected": undefined,
        }
      }
      accessibilityValue={
        {
          "max": undefined,
          "min": undefined,
          "now": undefined,
          "text": undefined,
        }
      }
      accessible={true}
      collapsable={false}
      focusable={true}
      onBlur={[Function]}
      onClick={[Function]}
      onFocus={[Function]}
      onResponderGrant={[Function]}
      onResponderMove={[Function]}
      onResponderRelease={[Function]}
      onResponderTerminate={[Function]}
      onResponderTerminationRequest={[Function]}
      onStartShouldSetResponder={[Function]}
      style={
        [
          {
            "alignItems": "center",
            "borderColor": "#CED0D3",
            "flexDirection": "row",
            "justifyContent": "space-between",
            "paddingHorizontal": 16,
            "paddingVertical": 16,
          },
          false,
        ]
      }
    >
      <View
        style={
          {
            "flex": 1,
          }
        }
      >
        <Text>
          Header2
        </Text>
      </View>
      <View
        collapsable={false}
        style={
          {
            "height": 16,
            "marginRight": undefined,
            "transform": [
              {
                "rotate": "0deg",
              },
            ],
            "width": 16,
          }
        }
      >
        <View
          testId="icon"
        />
      </View>
    </View>
    <View
      collapsable={false}
      onLayout={[Function]}
      style={
        {
          "height": undefined,
          "overflow": undefined,
        }
      }
    >
      <View
        style={
          {
            "paddingBottom": 24,
            "paddingHorizontal": 16,
            "paddingTop": 8,
          }
        }
      >
        <Text>
          Content
        </Text>
      </View>
    </View>
  </View>
</View>
`;

exports[`Accordion in collapsible & single expanded group mode renders the accordion groups icon on left side 1`] = `
[
  {
    "alignItems": "center",
    "borderColor": "#CED0D3",
    "flexDirection": "row",
    "justifyContent": "space-between",
    "paddingHorizontal": 16,
    "paddingVertical": 16,
  },
  {
    "flexDirection": "row-reverse",
  },
]
`;
