// Jest Snapshot v1, https://goo.gl/fbAQLP

exports[`Intro Screen renders 1`] = `
<Modal
  hardwareAccelerated={false}
  transparent={false}
  visible={true}
>
  <View
    style={
      {
        "bottom": 0,
        "left": 0,
        "position": "absolute",
        "right": 0,
        "top": 0,
      }
    }
  >
    <View
      style={
        {
          "flex": 1,
        }
      }
    >
      <RCTScrollView
        bounces={false}
        data={
          [
            {
              "content": <View />,
              "name": "Page 1",
            },
          ]
        }
        extraData={0}
        getItem={[Function]}
        getItemCount={[Function]}
        horizontal={true}
        keyExtractor={[Function]}
        onContentSizeChange={[Function]}
        onLayout={[Function]}
        onMomentumScrollBegin={[Function]}
        onMomentumScrollEnd={[Function]}
        onScroll={[Function]}
        onScrollBeginDrag={[Function]}
        onScrollEndDrag={[Function]}
        pagingEnabled={true}
        removeClippedSubviews={true}
        renderItem={[Function]}
        scrollEventThrottle={50}
        showsHorizontalScrollIndicator={false}
        stickyHeaderIndices={[]}
        style={
          {
            "flex": 1,
            "flexDirection": "row",
          }
        }
        testID="intro-screen-notch-test"
        viewabilityConfigCallbackPairs={[]}
      >
        <View>
          <View
            onFocusCapture={[Function]}
            onLayout={[Function]}
            style={
              [
                {
                  "flexDirection": "row",
                },
                null,
              ]
            }
          >
            <View
              style={
                [
                  {
                    "flex": 1,
                    "width": 0,
                  },
                ]
              }
            >
              <View />
            </View>
          </View>
        </View>
      </RCTScrollView>
      <View
        style={
          [
            {
              "alignItems": "center",
              "bottom": 22,
              "justifyContent": "space-between",
              "left": 0,
              "position": "absolute",
              "right": 0,
            },
            {
              "flexDirection": "row",
            },
          ]
        }
      >
        <View
          style={
            [
              {
                "alignItems": "center",
                "flexDirection": "row",
                "justifyContent": "center",
              },
              {
                "width": 0,
              },
            ]
          }
        />
        <View
          accessibilityState={
            {
              "busy": undefined,
              "checked": undefined,
              "disabled": undefined,
              "expanded": undefined,
              "selected": undefined,
            }
          }
          accessibilityValue={
            {
              "max": undefined,
              "min": undefined,
              "now": undefined,
              "text": undefined,
            }
          }
          accessible={true}
          focusable={true}
          nativeBackgroundAndroid={
            {
              "attribute": "selectableItemBackground",
              "rippleRadius": undefined,
              "type": "ThemeAttrAndroid",
            }
          }
          onClick={[Function]}
          onResponderGrant={[Function]}
          onResponderMove={[Function]}
          onResponderRelease={[Function]}
          onResponderTerminate={[Function]}
          onResponderTerminationRequest={[Function]}
          onStartShouldSetResponder={[Function]}
          style={
            [
              {
                "alignItems": "center",
                "alignSelf": "stretch",
                "flexDirection": "row",
                "justifyContent": "center",
                "paddingVertical": 12,
              },
              {
                "width": 0,
              },
            ]
          }
          testID="intro-screen-notch-test$buttonDone"
        >
          <View
            style={
              {
                "alignSelf": "center",
              }
            }
          >
            <View
              testId="icon"
            />
          </View>
        </View>
      </View>
    </View>
  </View>
</Modal>
`;

exports[`Intro Screen renders with 1 bottom button 1`] = `
<Modal
  hardwareAccelerated={false}
  transparent={false}
  visible={true}
>
  <View
    style={
      {
        "bottom": 0,
        "left": 0,
        "position": "absolute",
        "right": 0,
        "top": 0,
      }
    }
  >
    <View
      style={
        {
          "flex": 1,
        }
      }
    >
      <RCTScrollView
        bounces={false}
        data={
          [
            {
              "content": <View />,
              "name": "Page 1",
            },
          ]
        }
        extraData={0}
        getItem={[Function]}
        getItemCount={[Function]}
        horizontal={true}
        keyExtractor={[Function]}
        onContentSizeChange={[Function]}
        onLayout={[Function]}
        onMomentumScrollBegin={[Function]}
        onMomentumScrollEnd={[Function]}
        onScroll={[Function]}
        onScrollBeginDrag={[Function]}
        onScrollEndDrag={[Function]}
        pagingEnabled={true}
        removeClippedSubviews={true}
        renderItem={[Function]}
        scrollEventThrottle={50}
        showsHorizontalScrollIndicator={false}
        stickyHeaderIndices={[]}
        style={
          {
            "flex": 1,
            "flexDirection": "row",
          }
        }
        testID="intro-screen-notch-test"
        viewabilityConfigCallbackPairs={[]}
      >
        <View>
          <View
            onFocusCapture={[Function]}
            onLayout={[Function]}
            style={
              [
                {
                  "flexDirection": "row",
                },
                null,
              ]
            }
          >
            <View
              style={
                [
                  {
                    "flex": 1,
                    "width": 0,
                  },
                ]
              }
            >
              <View />
            </View>
          </View>
        </View>
      </RCTScrollView>
      <View
        style={
          [
            {
              "alignItems": "center",
              "bottom": 22,
              "justifyContent": "space-between",
              "left": 0,
              "position": "absolute",
              "right": 0,
            },
            {},
          ]
        }
      >
        <View
          style={
            [
              {
                "alignItems": "center",
                "flexDirection": "row",
                "justifyContent": "center",
              },
              {
                "width": "100%",
              },
            ]
          }
        />
        <View
          style={
            {
              "flex": 1,
              "flexDirection": "row",
              "justifyContent": "center",
              "marginTop": 16,
            }
          }
        >
          <View
            style={
              {
                "flex": 1,
              }
            }
          >
            <View
              accessibilityState={
                {
                  "busy": undefined,
                  "checked": undefined,
                  "disabled": undefined,
                  "expanded": undefined,
                  "selected": undefined,
                }
              }
              accessibilityValue={
                {
                  "max": undefined,
                  "min": undefined,
                  "now": undefined,
                  "text": undefined,
                }
              }
              accessible={true}
              focusable={true}
              nativeBackgroundAndroid={
                {
                  "attribute": "selectableItemBackground",
                  "rippleRadius": undefined,
                  "type": "ThemeAttrAndroid",
                }
              }
              onClick={[Function]}
              onResponderGrant={[Function]}
              onResponderMove={[Function]}
              onResponderRelease={[Function]}
              onResponderTerminate={[Function]}
              onResponderTerminationRequest={[Function]}
              onStartShouldSetResponder={[Function]}
              style={
                [
                  {
                    "alignItems": "center",
                    "flexDirection": "row",
                    "justifyContent": "center",
                    "paddingVertical": 12,
                  },
                  {},
                ]
              }
              testID="intro-screen-notch-test$buttonDone"
            >
              <View
                style={
                  {
                    "alignSelf": "center",
                  }
                }
              >
                <View
                  testId="icon"
                />
              </View>
            </View>
          </View>
        </View>
      </View>
    </View>
  </View>
</Modal>
`;

exports[`Intro Screen renders with 2 bottom button 1`] = `
<Modal
  hardwareAccelerated={false}
  transparent={false}
  visible={true}
>
  <View
    style={
      {
        "bottom": 0,
        "left": 0,
        "position": "absolute",
        "right": 0,
        "top": 0,
      }
    }
  >
    <View
      style={
        {
          "flex": 1,
        }
      }
    >
      <RCTScrollView
        bounces={false}
        data={
          [
            {
              "content": <View />,
              "name": "Page 1",
            },
          ]
        }
        extraData={0}
        getItem={[Function]}
        getItemCount={[Function]}
        horizontal={true}
        keyExtractor={[Function]}
        onContentSizeChange={[Function]}
        onLayout={[Function]}
        onMomentumScrollBegin={[Function]}
        onMomentumScrollEnd={[Function]}
        onScroll={[Function]}
        onScrollBeginDrag={[Function]}
        onScrollEndDrag={[Function]}
        pagingEnabled={true}
        removeClippedSubviews={true}
        renderItem={[Function]}
        scrollEventThrottle={50}
        showsHorizontalScrollIndicator={false}
        stickyHeaderIndices={[]}
        style={
          {
            "flex": 1,
            "flexDirection": "row",
          }
        }
        testID="intro-screen-notch-test"
        viewabilityConfigCallbackPairs={[]}
      >
        <View>
          <View
            onFocusCapture={[Function]}
            onLayout={[Function]}
            style={
              [
                {
                  "flexDirection": "row",
                },
                null,
              ]
            }
          >
            <View
              style={
                [
                  {
                    "flex": 1,
                    "width": 0,
                  },
                ]
              }
            >
              <View />
            </View>
          </View>
        </View>
      </RCTScrollView>
      <View
        style={
          [
            {
              "alignItems": "center",
              "bottom": 22,
              "justifyContent": "space-between",
              "left": 0,
              "position": "absolute",
              "right": 0,
            },
            {},
          ]
        }
      >
        <View
          style={
            [
              {
                "alignItems": "center",
                "flexDirection": "row",
                "justifyContent": "center",
              },
              {
                "width": "100%",
              },
            ]
          }
        />
        <View
          style={
            {
              "flex": 1,
              "flexDirection": "row",
              "justifyContent": "center",
              "marginTop": 16,
            }
          }
        >
          <View
            style={
              {
                "flex": 1,
              }
            }
          >
            <View
              accessibilityState={
                {
                  "busy": undefined,
                  "checked": undefined,
                  "disabled": undefined,
                  "expanded": undefined,
                  "selected": undefined,
                }
              }
              accessibilityValue={
                {
                  "max": undefined,
                  "min": undefined,
                  "now": undefined,
                  "text": undefined,
                }
              }
              accessible={true}
              focusable={true}
              nativeBackgroundAndroid={
                {
                  "attribute": "selectableItemBackground",
                  "rippleRadius": undefined,
                  "type": "ThemeAttrAndroid",
                }
              }
              onClick={[Function]}
              onResponderGrant={[Function]}
              onResponderMove={[Function]}
              onResponderRelease={[Function]}
              onResponderTerminate={[Function]}
              onResponderTerminationRequest={[Function]}
              onStartShouldSetResponder={[Function]}
              style={
                [
                  {
                    "alignItems": "center",
                    "flexDirection": "row",
                    "justifyContent": "center",
                    "paddingVertical": 12,
                  },
                  {},
                ]
              }
              testID="intro-screen-notch-test$buttonDone"
            >
              <View
                style={
                  {
                    "alignSelf": "center",
                  }
                }
              >
                <View
                  testId="icon"
                />
              </View>
            </View>
          </View>
        </View>
      </View>
    </View>
  </View>
</Modal>
`;

exports[`Intro Screen renders with active slide attribute 1`] = `
<Modal
  hardwareAccelerated={false}
  transparent={false}
  visible={true}
>
  <View
    style={
      {
        "bottom": 0,
        "left": 0,
        "position": "absolute",
        "right": 0,
        "top": 0,
      }
    }
  >
    <View
      style={
        {
          "flex": 1,
        }
      }
    >
      <RCTScrollView
        bounces={false}
        data={
          [
            {
              "content": <View />,
              "name": "Page 1",
            },
          ]
        }
        extraData={0}
        getItem={[Function]}
        getItemCount={[Function]}
        horizontal={true}
        keyExtractor={[Function]}
        onContentSizeChange={[Function]}
        onLayout={[Function]}
        onMomentumScrollBegin={[Function]}
        onMomentumScrollEnd={[Function]}
        onScroll={[Function]}
        onScrollBeginDrag={[Function]}
        onScrollEndDrag={[Function]}
        pagingEnabled={true}
        removeClippedSubviews={true}
        renderItem={[Function]}
        scrollEventThrottle={50}
        showsHorizontalScrollIndicator={false}
        stickyHeaderIndices={[]}
        style={
          {
            "flex": 1,
            "flexDirection": "row",
          }
        }
        testID="intro-screen-notch-test"
        viewabilityConfigCallbackPairs={[]}
      >
        <View>
          <View
            onFocusCapture={[Function]}
            onLayout={[Function]}
            style={
              [
                {
                  "flexDirection": "row",
                },
                null,
              ]
            }
          >
            <View
              style={
                [
                  {
                    "flex": 1,
                    "width": 0,
                  },
                ]
              }
            >
              <View />
            </View>
          </View>
        </View>
      </RCTScrollView>
      <View
        style={
          [
            {
              "alignItems": "center",
              "bottom": 22,
              "justifyContent": "space-between",
              "left": 0,
              "position": "absolute",
              "right": 0,
            },
            {
              "flexDirection": "row",
            },
          ]
        }
      >
        <View
          style={
            [
              {
                "alignItems": "center",
                "flexDirection": "row",
                "justifyContent": "center",
              },
              {
                "width": 0,
              },
            ]
          }
        />
        <View
          accessibilityState={
            {
              "busy": undefined,
              "checked": undefined,
              "disabled": undefined,
              "expanded": undefined,
              "selected": undefined,
            }
          }
          accessibilityValue={
            {
              "max": undefined,
              "min": undefined,
              "now": undefined,
              "text": undefined,
            }
          }
          accessible={true}
          focusable={true}
          nativeBackgroundAndroid={
            {
              "attribute": "selectableItemBackground",
              "rippleRadius": undefined,
              "type": "ThemeAttrAndroid",
            }
          }
          onClick={[Function]}
          onResponderGrant={[Function]}
          onResponderMove={[Function]}
          onResponderRelease={[Function]}
          onResponderTerminate={[Function]}
          onResponderTerminationRequest={[Function]}
          onStartShouldSetResponder={[Function]}
          style={
            [
              {
                "alignItems": "center",
                "alignSelf": "stretch",
                "flexDirection": "row",
                "justifyContent": "center",
                "paddingVertical": 12,
              },
              {
                "width": 0,
              },
            ]
          }
          testID="intro-screen-notch-test$buttonDone"
        >
          <View
            style={
              {
                "alignSelf": "center",
              }
            }
          >
            <View
              testId="icon"
            />
          </View>
        </View>
      </View>
    </View>
  </View>
</Modal>
`;

exports[`Intro Screen renders with async storage identifier 1`] = `
<Modal
  hardwareAccelerated={false}
  transparent={false}
  visible={false}
/>
`;
