// Jest Snapshot v1, https://goo.gl/fbAQLP

exports[`ToggleButtons renders 1`] = `
<View
  style={
    {
      "borderRadius": 3,
    }
  }
  testID="toggle-buttons-test"
>
  <View
    removeClippedSubviews={false}
    style={
      [
        {
          "backgroundColor": "transparent",
          "flexDirection": "row",
        },
        {},
      ]
    }
  >
    <View
      accessibilityLabel="Formatted a"
      accessibilityState={
        {
          "busy": undefined,
          "checked": undefined,
          "disabled": false,
          "expanded": undefined,
          "selected": undefined,
        }
      }
      accessibilityValue={
        {
          "max": undefined,
          "min": undefined,
          "now": undefined,
          "text": undefined,
        }
      }
      accessible={true}
      collapsable={false}
      focusable={true}
      onClick={[Function]}
      onResponderGrant={[Function]}
      onResponderMove={[Function]}
      onResponderRelease={[Function]}
      onResponderTerminate={[Function]}
      onResponderTerminationRequest={[Function]}
      onStartShouldSetResponder={[Function]}
      style={
        {
          "alignItems": "center",
          "backgroundColor": "rgb(98, 0, 238)",
          "borderBottomLeftRadius": 3,
          "borderColor": "rgb(98, 0, 238)",
          "borderRadius": 0,
          "borderRightWidth": 1,
          "borderTopLeftRadius": 3,
          "borderWidth": 1,
          "flex": 1,
          "justifyContent": "center",
          "opacity": 1,
          "paddingVertical": 5,
        }
      }
    >
      <View
        style={
          {
            "flexDirection": "row",
          }
        }
      >
        <Text
          allowFontScaling={true}
          ellipsizeMode="tail"
          numberOfLines={1}
          style={
            [
              {
                "color": "#0076FF",
              },
              {
                "color": "#666",
                "fontWeight": "600",
                "paddingVertical": 3,
              },
              [
                {
                  "color": "white",
                },
                {
                  "color": "#fff",
                },
              ],
            ]
          }
        >
          Formatted a
        </Text>
      </View>
    </View>
    <View
      accessibilityLabel="Formatted b"
      accessibilityState={
        {
          "busy": undefined,
          "checked": undefined,
          "disabled": false,
          "expanded": undefined,
          "selected": undefined,
        }
      }
      accessibilityValue={
        {
          "max": undefined,
          "min": undefined,
          "now": undefined,
          "text": undefined,
        }
      }
      accessible={true}
      collapsable={false}
      focusable={true}
      onClick={[Function]}
      onResponderGrant={[Function]}
      onResponderMove={[Function]}
      onResponderRelease={[Function]}
      onResponderTerminate={[Function]}
      onResponderTerminationRequest={[Function]}
      onStartShouldSetResponder={[Function]}
      style={
        {
          "alignItems": "center",
          "backgroundColor": "white",
          "borderBottomRightRadius": 3,
          "borderColor": "#CCC",
          "borderLeftWidth": 0,
          "borderRadius": 0,
          "borderTopRightRadius": 3,
          "borderWidth": 1,
          "flex": 1,
          "justifyContent": "center",
          "opacity": 1,
          "paddingVertical": 5,
        }
      }
    >
      <View
        style={
          {
            "flexDirection": "row",
          }
        }
      >
        <Text
          allowFontScaling={true}
          ellipsizeMode="tail"
          numberOfLines={1}
          style={
            [
              {
                "color": "#0076FF",
              },
              {
                "color": "#666",
                "fontWeight": "600",
                "paddingVertical": 3,
              },
              {},
            ]
          }
        >
          Formatted b
        </Text>
      </View>
    </View>
  </View>
</View>
`;
