// Jest Snapshot v1, https://goo.gl/fbAQLP

exports[`Repeater renders correctly 1`] = `
<View
  accessible={true}
  style={Object {}}
>
  <Text>
    Item
  </Text>
  <Text>
    Item
  </Text>
  <Text>
    Item
  </Text>
  <Text>
    Item
  </Text>
  <Text>
    Item
  </Text>
</View>
`;

exports[`Repeater renders correctly with custom styles 1`] = `
<View
  accessible={true}
  style={
    Object {
      "backgroundColor": "red",
    }
  }
>
  <Text>
    Item
  </Text>
  <Text>
    Item
  </Text>
  <Text>
    Item
  </Text>
  <Text>
    Item
  </Text>
  <Text>
    Item
  </Text>
</View>
`;

exports[`Repeater renders correctly with empty list 1`] = `<View />`;
