// Jest Snapshot v1, https://goo.gl/fbAQLP

exports[`ProgressCircle renders 1`] = `
<View
  style={{}}
>
  <View
    indeterminateAnimationDuration={1000}
    style={
      [
        {
          "backgroundColor": "transparent",
          "overflow": "hidden",
        },
        undefined,
      ]
    }
    testID="progress-circle-test"
  >
    <RNSVGSvgView
      bbHeight={100}
      bbWidth={100}
      collapsable={false}
      fill="none"
      focusable={false}
      height={100}
      style={
        [
          {
            "backgroundColor": "transparent",
            "borderWidth": 0,
          },
          {},
          {
            "flex": 0,
            "height": 100,
            "width": 100,
          },
        ]
      }
      width={100}
    >
      <RNSVGGroup
        fill={null}
        propList={
          [
            "fill",
          ]
        }
      >
        <RNSVGPath
          d="M50 2.5
          A47.5 47.5 0 0 1 50.00000000000001 97.5"
          propList={
            [
              "stroke",
              "strokeWidth",
              "strokeLinecap",
            ]
          }
          stroke={-10354450}
          strokeLinecap={2}
          strokeWidth={3}
        />
        <RNSVGPath
          d="M50 0.5
            a49.5 49.5 0 0 1 0 99
            a49.5 49.5 0 0 1 0 -99"
          propList={
            [
              "stroke",
              "strokeWidth",
              "strokeLinecap",
            ]
          }
          stroke={-10354450}
          strokeLinecap={2}
          strokeWidth={1}
        />
      </RNSVGGroup>
    </RNSVGSvgView>
    <View
      style={
        {
          "alignItems": "center",
          "borderRadius": 46,
          "height": 92,
          "justifyContent": "center",
          "left": 4,
          "position": "absolute",
          "top": 4,
          "width": 92,
        }
      }
    >
      <Text
        allowFontScaling={true}
        style={
          [
            {
              "color": "rgb(98,0,238)",
              "fontSize": 20.444444444444443,
              "fontWeight": "300",
            },
            {
              "color": "rgb(98,0,238)",
              "fontSize": 18,
            },
          ]
        }
      >
        50%
      </Text>
    </View>
  </View>
</View>
`;
